// Jest Snapshot v1, https://goo.gl/fbAQLP

exports[`it is snapshot time always failed the snapshot 1`] = `
Object {
  "createAt": 2021-06-20T19:57:32.296Z,
  "id": 4,
}
`;

exports[`it is snapshot time should snapshot 1`] = `
Object {
  "gender": "Male",
  "id": 1,
  "name": "Rick Sanchez",
  "species": "Human",
  "status": "Alive",
}
`;

exports[`it is snapshot time we have a exception  1`] = `
Object {
  "id": Any<Number>,
  "name": "Ifrain Medina Garc√≠a",
}
`;
